exports[`test renders text 1`] = `
<div
  className="Card "
  onClick={undefined}
  style={undefined}>
  MAXIMUM FLUBSTEP
</div>
`;
